// Jest Snapshot v1, https://goo.gl/fbAQLP

exports[`web Canvas should correctly mount 1`] = `
<div>
  <div
    style="position: relative; width: 100%; height: 100%; overflow: hidden;"
  >
    <div
      style="width: 100%; height: 100%;"
    >
      <canvas
        data-engine="three.js r141"
        height="800"
        style="display: block; width: 1280px; height: 800px;"
        width="1280"
      />
    </div>
  </div>
</div>
`;
