// Jest Snapshot v1, https://goo.gl/fbAQLP

exports[`exports matches public API 1`] = `
Array [
  "Act",
  "Args",
  "AttachFnType",
  "AttachType",
  "Camera",
  "CameraProps",
  "Canvas",
  "CanvasProps",
  "Catalogue",
  "Color",
  "ComputeFunction",
  "ConstructorRepresentation",
  "Disposable",
  "DomEvent",
  "Dpr",
  "ElementProps",
  "Euler",
  "EventHandlers",
  "EventManager",
  "EventProps",
  "Events",
  "Extensions",
  "FilterFunction",
  "FixedStage",
  "Frameloop",
  "FrameloopLegacy",
  "FrameloopMode",
  "FrameloopRender",
  "GLProps",
  "GlobalEffectType",
  "GlobalRenderCallback",
  "InjectState",
  "Instance",
  "InstanceProps",
  "Intersection",
  "Layers",
  "LegacyAlways",
  "Loader",
  "LoaderProto",
  "LoaderResult",
  "MathRepresentation",
  "MathType",
  "Mutable",
  "ObjectMap",
  "Overwrite",
  "Performance",
  "Properties",
  "Props",
  "Quaternion",
  "RaycastableRepresentation",
  "ReactProps",
  "ReactThreeFiber",
  "ReconcilerRoot",
  "RenderCallback",
  "RenderProps",
  "Renderer",
  "RootState",
  "RootStore",
  "Size",
  "Stage",
  "StageTypes",
  "Stages",
  "Subscription",
  "ThreeElement",
  "ThreeElements",
  "ThreeEvent",
  "UpdateCallback",
  "UpdateSubscription",
  "Vector2",
  "Vector3",
  "Vector4",
  "VectorRepresentation",
  "Viewport",
  "WithMathProps",
  "XRManager",
  "_roots",
  "act",
  "addAfterEffect",
  "addEffect",
  "addTail",
  "advance",
  "applyProps",
  "context",
  "createEvents",
  "createPortal",
  "createRoot",
  "dispose",
  "events",
  "extend",
  "flushGlobalEffects",
  "getRootState",
  "invalidate",
  "reconciler",
  "render",
  "unmountComponentAtNode",
  "useFrame",
  "useGraph",
  "useInstanceHandle",
  "useLoader",
  "useStore",
  "useThree",
  "useUpdate",
]
`;
